.\gradlew : WARNING: 
A restricted method 
in java.lang.System 
has been called
At line:1 char:1
+ .\gradlew 
assembleDebug 2>&1 | 
Out-File -FilePath 
build_output.txt
+ ~~~~~~~~~~~~~~~~~~~
~~~~~~~~~
    + CategoryInfo   
           : NotSpe  
  cified: (WARNING   
 : A rest...has b    
een called:Strin    
g) [], RemoteExc    
eption
    + FullyQualified 
   ErrorId : Native  
  CommandError
 
WARNING: java.lang.Sy
stem::load has been 
called by net.rubygra
pefruit.platform.inte
rnal.NativeLibraryLoa
der in an unnamed 
module (file:/C:/User
s/Gary/.gradle/wrappe
r/dists/gradle-8.6-bi
n/afr5mpiioh2wthjmwnk
mdsd5w/gradle-8.6/lib
/native-platform-0.22
-milestone-25.jar)
WARNING: Use --enable
-native-access=ALL-UN
NAMED to avoid a 
warning for callers 
in this module
WARNING: Restricted 
methods will be 
blocked in a future 
release unless 
native access is 
enabled


FAILURE: Build 
failed with an 
exception.

* What went wrong:
25.0.2

* Try:
> Run with 
--stacktrace option 
to get the stack 
trace.
> Run with --info or 
--debug option to 
get more log output.
> Run with --scan to 
get full insights.
> Get more help at ht
tps://help.gradle.org
.

BUILD FAILED in 698ms
